Eigenvalues:
-18.5044
-16.0491
16.5534

Eigenvalues
0.31244 0.945264 -0.0941097 
-0.0552875 0.116996 0.991592 
0.948327 -0.30461 0.0888157 
