Eigenvalues:
-11.0732
8.5863
22.4869

Eigenvalues
0.200389 0.97223 -0.120888 
0.9093 -0.230499 -0.346473 
0.364716 0.0404942 0.930238 
